> Task :lib:compileJava NO-SOURCE
> Task :lib:compileGroovy
> Task :lib:processResources NO-SOURCE
> Task :lib:classes
> Task :lib:jar
> Task :lib:assemble
> Task :lib:compileTestJava NO-SOURCE
> Task :lib:compileTestGroovy
> Task :lib:processTestResources NO-SOURCE
> Task :lib:testClasses
> Task :lib:test
> Task :lib:check
> Task :lib:build

BUILD SUCCESSFUL in 0s
4 actionable tasks: 4 executed
