> Task :app:compileKotlin
> Task :app:compileJava NO-SOURCE
> Task :app:processResources NO-SOURCE
> Task :app:classes UP-TO-DATE
> Task :app:inspectClassesForKotlinIC
> Task :app:jar
> Task :app:startScripts
> Task :app:distTar
> Task :app:distZip
> Task :app:assemble
> Task :app:compileTestKotlin
> Task :app:compileTestJava NO-SOURCE
> Task :app:processTestResources NO-SOURCE
> Task :app:testClasses UP-TO-DATE
> Task :app:test
> Task :app:check
> Task :app:build

BUILD SUCCESSFUL in 0s
8 actionable tasks: 8 executed
