> Task :lib:compileKotlin
> Task :lib:compileJava NO-SOURCE
> Task :lib:processResources NO-SOURCE
> Task :lib:classes UP-TO-DATE
> Task :lib:inspectClassesForKotlinIC
> Task :lib:jar
> Task :lib:assemble
> Task :lib:compileTestKotlin
> Task :lib:compileTestJava NO-SOURCE
> Task :lib:processTestResources NO-SOURCE
> Task :lib:testClasses UP-TO-DATE
> Task :lib:test
> Task :lib:check
> Task :lib:build

BUILD SUCCESSFUL in 0s
5 actionable tasks: 5 executed
