> Task :lib:compileJava
> Task :lib:processResources NO-SOURCE
> Task :lib:classes
> Task :lib:jar
> Task :lib:assemble
> Task :lib:compileTestJava
> Task :lib:processTestResources NO-SOURCE
> Task :lib:testClasses
> Task :lib:test
> Task :lib:check
> Task :lib:build

BUILD SUCCESSFUL in 0s
4 actionable tasks: 4 executed
